// Jest Snapshot v1, https://goo.gl/fbAQLP

exports[`Test <DatePickers> ToMatchSnapshot DatePickers with date in props 1`] = `
<div
  className="makeStyles-container-1"
>
  <div
    className="MuiFormControl-root MuiTextField-root makeStyles-textField-2"
  >
    <label
      className="MuiFormLabel-root MuiInputLabel-root MuiInputLabel-formControl MuiInputLabel-animated MuiInputLabel-shrink MuiFormLabel-filled"
      data-shrink={true}
      htmlFor="date"
      id="date-label"
    >
      Дата:
    </label>
    <div
      className="MuiInputBase-root MuiInput-root MuiInput-underline MuiInputBase-formControl MuiInput-formControl"
      onClick={[Function]}
    >
      <input
        aria-invalid={false}
        autoFocus={false}
        className="MuiInputBase-input MuiInput-input"
        defaultValue="2021-01-01"
        disabled={false}
        id="date"
        onAnimationStart={[Function]}
        onBlur={[Function]}
        onChange={[Function]}
        onFocus={[Function]}
        required={false}
        type="date"
      />
    </div>
  </div>
</div>
`;
