// Jest Snapshot v1, https://goo.gl/fbAQLP

exports[`Test <BookingGratitude> ToMatchSnapshot BookingGratitude with default date 1`] = `
Array [
  <h1
    className="MuiTypography-root MuiTypography-h4 MuiTypography-colorTextPrimary MuiTypography-alignCenter"
  >
    Спасибо за Ваш заказ!
  </h1>,
  <h2
    className="MuiTypography-root makeStyles-text-1 MuiTypography-h5 MuiTypography-colorTextPrimary MuiTypography-alignCenter"
    id="gr-master"
  >
    Мастер 
    Vasia Vasia
     ждет Вас
  </h2>,
  <h2
    className="MuiTypography-root makeStyles-text-1 MuiTypography-h5 MuiTypography-colorTextPrimary MuiTypography-alignCenter"
    id="gr-time"
  >
    2021-02-02
     в 
    15:00
  </h2>,
  <h2
    className="MuiTypography-root makeStyles-text-1 MuiTypography-h5 MuiTypography-colorTextPrimary MuiTypography-alignCenter"
    id="gr-hours"
  >
    Ремонт займет 
    два часа
  </h2>,
  <h2
    className="MuiTypography-root makeStyles-text-1 MuiTypography-h5 MuiTypography-colorTextPrimary MuiTypography-alignCenter"
    id="gr-email"
  >
    Мы выслали напоминание о визите на Ваш email:  
    vasia@vasia.com
  </h2>,
]
`;
